Issue: 407, Option: 1, Missing: result